> Task :app:checkKotlinGradlePluginConfigurationErrors
> Task :app:preBuild UP-TO-DATE
> Task :app:preDebugBuild UP-TO-DATE
> Task :app:checkDebugAarMetadata UP-TO-DATE
> Task :app:generateDebugResValues UP-TO-DATE
> Task :app:mapDebugSourceSetPaths UP-TO-DATE
> Task :app:generateDebugResources UP-TO-DATE
> Task :app:mergeDebugResources UP-TO-DATE
> Task :app:packageDebugResources UP-TO-DATE
> Task :app:parseDebugLocalResources UP-TO-DATE
> Task :app:createDebugCompatibleScreenManifests UP-TO-DATE
> Task :app:extractDeepLinksDebug UP-TO-DATE
> Task :app:processDebugMainManifest UP-TO-DATE
> Task :app:processDebugManifest UP-TO-DATE
> Task :app:processDebugManifestForPackage UP-TO-DATE
> Task :app:processDebugResources UP-TO-DATE
> Task :app:javaPreCompileDebug UP-TO-DATE
> Task :app:preDebugUnitTestBuild UP-TO-DATE
> Task :app:javaPreCompileDebugUnitTest UP-TO-DATE
> Task :app:kspDebugKotlin

> Task :app:compileDebugKotlin
w: file:///home/z/my-project/shs-calendar/app/src/main/java/com/shs/calendar/astronomy/SolarEngine.kt:167:9 Parameter 'lonDeg' is never used
w: file:///home/z/my-project/shs-calendar/app/src/main/java/com/shs/calendar/astronomy/SolarEngine.kt:226:63 Parameter 'zone' is never used
w: file:///home/z/my-project/shs-calendar/app/src/main/java/com/shs/calendar/data/recurrence/Recurrence.kt:131:80 Unnecessary non-null assertion (!!) on a non-null receiver of type Long
w: file:///home/z/my-project/shs-calendar/app/src/main/java/com/shs/calendar/data/recurrence/Recurrence.kt:133:63 Unnecessary non-null assertion (!!) on a non-null receiver of type Int
w: file:///home/z/my-project/shs-calendar/app/src/main/java/com/shs/calendar/data/recurrence/Recurrence.kt:167:68 Parameter 'zone' is never used

> Task :app:compileDebugJavaWithJavac UP-TO-DATE
> Task :app:bundleDebugClassesToRuntimeJar
> Task :app:processDebugJavaRes UP-TO-DATE
> Task :app:bundleDebugClassesToCompileJar
> Task :app:kspDebugUnitTestKotlin

> Task :app:compileDebugUnitTestKotlin
w: file:///home/z/my-project/shs-calendar/app/src/test/java/com/shs/calendar/astronomy/SolarEngineTest.kt:118:24 Unnecessary non-null assertion (!!) on a non-null receiver of type Double

> Task :app:compileDebugUnitTestJavaWithJavac NO-SOURCE
> Task :app:processDebugUnitTestJavaRes UP-TO-DATE
> Task :app:testDebugUnitTest

BUILD SUCCESSFUL in 7s
26 actionable tasks: 8 executed, 18 up-to-date
